╭────────────────╮                                                                                  
│ Noun - English │----------------------------------------------------------------------------------
╰────────────────╯                                                                                  
╭───────────────────────╮
│ Definition: A condom. │
╰───────────────────────╯
╭──────────────────────────────────────────────────────────────────────────────────────────────────╮
│ Definition: A sleazy, disreputable or despicable person; lowlife.                                │
│                                                                                                  │
│ Example: Can you believe that scumbag Steve asked to sleep with her before even asking her name? │
│ Yeah, I'll traspass this line                                                                    │
╰──────────────────────────────────────────────────────────────────────────────────────────────────╯
